exports[`MultiViews Container should NOT render PlotlyChart if there is no views given 1`] = `<div />`;

exports[`MultiViews Container should render PlotlyChart component 1`] = `
<div>
  <PlotlyChart
    data={
      Array [
        Object {
          "line": Object {
            "shape": "spline",
            "width": 2,
          },
          "mode": "lines",
          "name": "High",
          "type": "scatter",
          "x": Array [
            "2014-01-01",
            "2014-01-02",
            "2014-01-05",
          ],
          "y": Array [
            14.59,
            14.22,
            14,
          ],
        },
      ]
    }
    idx={0}
    layout={
      Object {
        "height": 450,
        "title": "demo-resource",
        "xaxis": Object {
          "title": "Date",
        },
        "yaxis": Object {
          "title": "High",
        },
      }
    } />
  <PlotlyChart
    data={
      Array [
        Object {
          "line": Object {
            "shape": "spline",
            "width": 2,
          },
          "mode": "lines",
          "name": "High",
          "type": "scatter",
          "x": Array [
            "2014-01-01",
            "2014-01-02",
            "2014-01-05",
          ],
          "y": Array [
            14.59,
            14.22,
            14,
          ],
        },
      ]
    }
    idx={1}
    layout={
      Object {
        "height": 450,
        "title": "demo-resource",
        "xaxis": Object {
          "title": "Date",
        },
        "yaxis": Object {
          "title": "High",
        },
      }
    } />
</div>
`;

exports[`MultiViews Container should render empty PlotlyChart if there is no data yet 1`] = `
<div>
  <PlotlyChart
    idx={0} />
  <PlotlyChart
    idx={1} />
</div>
`;
