exports[`test Rendered output matches previously created snapshot 1`] = `
<nav
  className="navbar navbar-default"
  role="navigation">
  <div
    className="container-fluid">
    <div
      className="navbar-header">
      <a
        className="navbar-brand"
        href="/">
        <img
          alt="Brand"
          src="test-file-stub" />
      </a>
    </div>
    <div
      className="collapse navbar-collapse"
      id="bs-example-navbar-collapse-1">
      <div
        className="col-sm-3 col-md-3">
        <form
          className="navbar-form"
          role="search">
          <div
            className="input-group">
            <input
              className="form-control"
              name="q"
              placeholder="Search"
              type="text" />
            <div
              className="input-group-btn">
              <button
                className="btn btn-default"
                type="submit">
                <i
                  className="glyphicon glyphicon-search" />
              </button>
            </div>
          </div>
        </form>
      </div>
    </div>
  </div>
</nav>
`;
